Invalid!
Occupied coordinate
M3,..........................................xxxxxxx
A1
Invalid coordinate
Invalid coordinate
Invalid coordinate
Invalid!
Invalid!
