C18,xxxxxxxxxxxxxxx......x......x......x......x......
