M17,xxxxxxx..........................................
G8,##oo...oo##o..##oo#..oo##o..##oo#..oo##o..##oo#..
E16,o#o#o#o##oo##ooo##oo###oo##ooo##oo###oo##ooo##oo#
B
E8,oo##oo###oo##ooo##oo###oo##ooo##oo###oo##ooo##oo#
W
Wow, a tie!
A1A2A3A4A5A6A7A8A9A10A11A12A13A14A15A16A17A18A19B1B2B3B4B5B6B7B8B9B10B11B12B13B14B15B16B17B18B19C2C1C4C3C6C5C8C7C10C9C12C11C14C13C16C15C18C17C19D2D1D4D3D6D5D8D7D10D9D12D11D14D13D16D15D18D17D19E1E2E3E4E5E6E7E8E9E10E11E12E13E14E15E16E17E18E19F1F2F3F4F5F6F7F8F9F10F11F12F13F14F15F16F17F18F19G2G1G4G3G6G5G8G7G10G9G12G11G14G13G16G15G18G17G19H2H1H4H3H6H5H8H7H10H9H12H11H14H13H16H15H18H17H19I1I2I3I4I5I6I7I8I9I10I11I12I13I14I15I16I17I18I19J1J2J3J4J5J6J7J8J9J10J11J12J13J14J15J16J17J18J19K2K1K4K3K6K5K8K7K10K9K12K11K14K13K16K15K18K17K19L2L1L4L3L6L5L8L7L10L9L12L11L14L13L16L15L18L17L19M1M2M3M4M5M6M7M8M9M10M11M12M13M14M15M16M17M18M19N1N2N3N4N5N6N7N8N9N10N11N12N13N14N15N16N17N18N19O2O1O4O3O6O5O8O7O10O9O12O11O14O13O16O15O18O17O19P2P1P4P3P6P5P8P7P10P9P12P11P14P13P16P15P18P17P19Q1Q2Q3Q4Q5Q6Q7Q8Q9Q10Q11Q12Q13Q14Q15Q16Q17Q18Q19R1R2R3R4R5R6R7R8R9R10R11R12R13R14R15R16R17R18R19S2S1S4S3S6S5S8S7S10S9S12S11S14S13S16S15S18S17S19
Thank you for playing!
