White wins!
A1A2B1B2C1C2F1D2E1E2
Thank you for playing!
